21:46:55 **** Incremental Build of configuration Debug for project app ****
make all 
make --no-print-directory pre-build
a9-linaro-pre-build-step
' '
make --no-print-directory main-build
'Building file: ../src/cpyData_direct.cc'
'Invoking: ARM v7 g++ compiler'
arm-none-eabi-g++ -Wall -O0 -g3 -c -fmessage-length=0 -MT"src/cpyData_direct.o" -mcpu=cortex-a9 -mfpu=vfpv3 -mfloat-abi=hard -ID:/ITCL_video/movDataZynq/prj_vitis/Wr_direct/platfm/export/platfm/sw/platfm/standalone_domain/bspinclude/include -MMD -MP -MF"src/cpyData_direct.d" -MT"src/cpyData_direct.o" -o "src/cpyData_direct.o" "../src/cpyData_direct.cc"
'Finished building: ../src/cpyData_direct.cc'
' '
'Building target: app.elf'
'Invoking: ARM v7 g++ linker'
arm-none-eabi-g++ -mcpu=cortex-a9 -mfpu=vfpv3 -mfloat-abi=hard -Wl,-build-id=none -specs=Xilinx.spec -Wl,-T -Wl,../src/lscript.ld -LD:/ITCL_video/movDataZynq/prj_vitis/Wr_direct/platfm/export/platfm/sw/platfm/standalone_domain/bsplib/lib -o "app.elf"  ./src/cpyData_direct.o   -Wl,--start-group,-lxil,-lgcc,-lc,-lstdc++,--end-group
'Finished building target: app.elf'
' '
'Invoking: ARM v7 Print Size'
arm-none-eabi-size app.elf  |tee "app.elf.size"
   text	   data	    bss	    dec	    hex	filename
 581653	   2876	132739560	133324089	7f25d39	app.elf
'Finished building: app.elf.size'
' '

21:46:58 Build Finished (took 2s.330ms)

