16:29:52 **** Incremental Build of configuration Debug for project mov_contnuo ****
make all 
make --no-print-directory pre-build
a9-linaro-pre-build-step
' '
make --no-print-directory main-build
'Building file: ../src/cpy_direct_multipl_contMov.cc'
'Invoking: ARM v7 g++ compiler'
arm-none-eabi-g++ -Wall -O0 -g3 -c -fmessage-length=0 -MT"src/cpy_direct_multipl_contMov.o" -mcpu=cortex-a9 -mfpu=vfpv3 -mfloat-abi=hard -ID:/ITCL_video/movDataZynq/prj_vitis/proj_4HP_2GP/platfm4hp/export/platfm4hp/sw/platfm4hp/standalone_domain/bspinclude/include -MMD -MP -MF"src/cpy_direct_multipl_contMov.d" -MT"src/cpy_direct_multipl_contMov.o" -o "src/cpy_direct_multipl_contMov.o" "../src/cpy_direct_multipl_contMov.cc"
../src/cpy_direct_multipl_contMov.cc: In function 'int main()':
../src/cpy_direct_multipl_contMov.cc:116:25: warning: unused variable 'GPIOPLConfigPtr' [-Wunused-variable]
  116 |         XGpio_Config   *GPIOPLConfigPtr;
      |                         ^~~~~~~~~~~~~~~
../src/cpy_direct_multipl_contMov.cc:121:16: warning: unused variable 'j' [-Wunused-variable]
  121 |         u32 i, j, initTransfers;
      |                ^
../src/cpy_direct_multipl_contMov.cc:123:15: warning: unused variable 'cycle_ant' [-Wunused-variable]
  123 |         XTime cycle_ant, cycle, run_TimeCycles;
      |               ^~~~~~~~~
../src/cpy_direct_multipl_contMov.cc:123:33: warning: unused variable 'run_TimeCycles' [-Wunused-variable]
  123 |         XTime cycle_ant, cycle, run_TimeCycles;
      |                                 ^~~~~~~~~~~~~~
../src/cpy_direct_multipl_contMov.cc:125:35: warning: unused variable 'ratio_PS_PL' [-Wunused-variable]
  125 |         float time_ms, fps_frame, ratio_PS_PL, freq_cycle;
      |                                   ^~~~~~~~~~~
../src/cpy_direct_multipl_contMov.cc:125:48: warning: unused variable 'freq_cycle' [-Wunused-variable]
  125 |         float time_ms, fps_frame, ratio_PS_PL, freq_cycle;
      |                                                ^~~~~~~~~~
../src/cpy_direct_multipl_contMov.cc:129:13: warning: unused variable 'col' [-Wunused-variable]
  129 |         u32 col = (ACTUAL_IN_X + MARGIN);
      |             ^~~
../src/cpy_direct_multipl_contMov.cc:131:34: warning: unused variable 'CfgPtr0' [-Wunused-variable]
  131 |         XWr_data_dir_adv_Config *CfgPtr0, *CfgPtr1;
      |                                  ^~~~~~~
../src/cpy_direct_multipl_contMov.cc:131:44: warning: unused variable 'CfgPtr1' [-Wunused-variable]
  131 |         XWr_data_dir_adv_Config *CfgPtr0, *CfgPtr1;
      |                                            ^~~~~~~
../src/cpy_direct_multipl_contMov.cc:132:13: warning: unused variable 'status' [-Wunused-variable]
  132 |         int status;
      |             ^~~~~~
'Finished building: ../src/cpy_direct_multipl_contMov.cc'
' '
'Building target: mov_contnuo.elf'
'Invoking: ARM v7 g++ linker'
arm-none-eabi-g++ -mcpu=cortex-a9 -mfpu=vfpv3 -mfloat-abi=hard -Wl,-build-id=none -specs=Xilinx.spec -Wl,-T -Wl,../src/lscript.ld -LD:/ITCL_video/movDataZynq/prj_vitis/proj_4HP_2GP/platfm4hp/export/platfm4hp/sw/platfm4hp/standalone_domain/bsplib/lib -o "mov_contnuo.elf"  ./src/cpy_direct_multipl_contMov.o   -Wl,--start-group,-lxil,-lgcc,-lc,-lstdc++,--end-group
'Finished building target: mov_contnuo.elf'
' '
'Invoking: ARM v7 Print Size'
arm-none-eabi-size mov_contnuo.elf  |tee "mov_contnuo.elf.size"
   text	   data	    bss	    dec	    hex	filename
 580757	   2900	  29208	 612865	  95a01	mov_contnuo.elf
'Finished building: mov_contnuo.elf.size'
' '

16:29:55 Build Finished (took 2s.759ms)

