Nothing to build in platform 'platfm2'

18:34:54 **** Incremental Build of configuration Debug for project passth ****
make all 
make --no-print-directory pre-build
a9-linaro-pre-build-step
' '
make --no-print-directory main-build
'Building file: ../src/pathThrough.cc'
'Invoking: ARM v7 g++ compiler'
arm-none-eabi-g++ -Wall -O0 -g3 -c -fmessage-length=0 -MT"src/pathThrough.o" -mcpu=cortex-a9 -mfpu=vfpv3 -mfloat-abi=hard -ID:/ITCL_video/movDataZynq/prj_vitis/path_Through/platfm2/export/platfm2/sw/platfm2/standalone_domain/bspinclude/include -MMD -MP -MF"src/pathThrough.d" -MT"src/pathThrough.o" -o "src/pathThrough.o" "../src/pathThrough.cc"
'Finished building: ../src/pathThrough.cc'
' '
'Building target: passth.elf'
'Invoking: ARM v7 g++ linker'
arm-none-eabi-g++ -mcpu=cortex-a9 -mfpu=vfpv3 -mfloat-abi=hard -Wl,-build-id=none -specs=Xilinx.spec -Wl,-T -Wl,../src/lscript.ld -LD:/ITCL_video/movDataZynq/prj_vitis/path_Through/platfm2/export/platfm2/sw/platfm2/standalone_domain/bsplib/lib -o "passth.elf"  ./src/pathThrough.o   -Wl,--start-group,-lxil,-lgcc,-lc,-lstdc++,--end-group
'Finished building target: passth.elf'
' '
'Invoking: ARM v7 Print Size'
arm-none-eabi-size passth.elf  |tee "passth.elf.size"
   text	   data	    bss	    dec	    hex	filename
 579057	   2860	  29152	 611069	  952fd	passth.elf
'Finished building: passth.elf.size'
' '
